---
source: tests/migration.rs
expression: get_solution_v2_post
---
{
  "post_version": "V0",
  "id": 1,
  "author_id": "devgovgigs.near",
  "likes": [],
  "snapshot": {
    "editor_id": "devgovgigs.near",
    "timestamp": "[timestamp]",
    "labels": [],
    "post_type": "Solution",
    "solution_version": "V2",
    "name": "Solution Test",
    "description": "This is a test solution post.",
    "requested_sponsor": "neardevgov.near",
    "requested_sponsorship_amount": "1000",
    "requested_sponsorship_token": "NEAR"
  },
  "snapshot_history": []
}
